C51 COMPILER V9.54   CLOCK                                                                 11/14/2020 22:56:28 PAGE 1   


C51 COMPILER V9.54, COMPILATION OF MODULE CLOCK
OBJECT MODULE PLACED IN .\Objects\clock.obj
COMPILER INVOKED BY: C:\Keil_v5\C51\BIN\C51.EXE system\clock.c LARGE OPTIMIZE(8,SPEED) BROWSE INCDIR(.\devices;.\user;.\
                    -system) DEBUG OBJECTEXTEND PRINT(.\Listings\clock.lst) TABS(2) OBJECT(.\Objects\clock.obj)

line level    source

   1          #include "clock.h"
   2          #include "intrins.h"
   3          
   4          
   5          
   6          void delay1ms(){
   7   1        int a =0;
   8   1        int b =0;
   9   1        for(a=0;a<1095;a++){    
  10   2          _nop_(); 
  11   2          _nop_();
  12   2          _nop_();
  13   2        }
  14   1      }
  15          
  16          void delay10us(){
  17   1        int a =0;
  18   1        int b =0;
  19   1        for(a=0;a<9;a++){   
  20   2          _nop_(); 
  21   2          
  22   2        }
  23   1        
  24   1      }


MODULE INFORMATION:   STATIC OVERLAYABLE
   CODE SIZE        =     46    ----
   CONSTANT SIZE    =   ----    ----
   XDATA SIZE       =   ----       4
   PDATA SIZE       =   ----    ----
   DATA SIZE        =   ----    ----
   IDATA SIZE       =   ----    ----
   BIT SIZE         =   ----    ----
END OF MODULE INFORMATION.


C51 COMPILATION COMPLETE.  0 WARNING(S),  0 ERROR(S)
